{"timestamp":"2026-08-30T21:05:00.056300Z","level":"info","event":"DAG bundles loaded: dags-folder, example_dags","logger":"airflow.dag_processing.bundles.manager.DagBundlesManager","filename":"manager.py","lineno":179}
{"timestamp":"2026-08-30T21:05:00.056938Z","level":"info","event":"Filling up the DagBag from /opt/airflow/dags/datajud_dag.py","logger":"airflow.models.dagbag.BundleDagBag","filename":"dagbag.py","lineno":593}
{"timestamp":"2026-08-30T21:05:00.092824Z","level":"info","event":"Task instance is in running state","logger":"task.stdout"}
{"timestamp":"2026-08-30T21:05:00.092966Z","level":"info","event":" Previous state of the Task instance: TaskInstanceState.QUEUED","logger":"task.stdout"}
{"timestamp":"2026-08-30T21:05:00.093127Z","level":"info","event":"Current task name:transform_data_task","logger":"task.stdout"}
{"timestamp":"2026-08-30T21:05:00.093212Z","level":"info","event":"Dag name:datajud_dag","logger":"task.stdout"}
{"timestamp":"2026-08-30T21:05:00.094450Z","level":"info","event":"\n Iniciando transformações","logger":"root","filename":"transform_dados.py","lineno":159}
{"timestamp":"2026-08-30T21:05:00.112779Z","level":"info","event":"\n DataFrame criado com sucesso 1 linha(s)","logger":"root","filename":"transform_dados.py","lineno":50}
{"timestamp":"2026-08-30T21:05:00.114739Z","level":"info","event":"","logger":"task.stdout"}
{"timestamp":"2026-08-30T21:05:00.114847Z","level":"info","event":"Colunas Normalizadas:","logger":"task.stdout"}
{"timestamp":"2026-08-30T21:05:00.114949Z","level":"info","event":"['took', 'timed_out', '_shards.total', '_shards.successful', '_shards.skipped', '_shards.failed', 'hits.total.value', 'hits.total.relation', 'hits.max_score', 'hits.hits', '_index', '_id', '_score', '_source.id', '_source.tribunal', '_source.grau', '_source.numeroProcesso', '_source.dataAjuizamento', '_source.nivelSigilo', '_source.orgaoJulgador.codigo', '_source.orgaoJulgador.nome', '_source.orgaoJulgador.codigoMunicipioIBGE', '_source.classe.codigo', '_source.classe.nome', '_source.sistema.codigo', '_source.sistema.nome', '_source.formato.codigo', '_source.formato.nome', '_source.dataHoraUltimaAtualizacao', '_source.@timestamp', '_source.movimentos', '_source.assuntos']","logger":"task.stdout"}
{"timestamp":"2026-08-30T21:05:00.114762Z","level":"info","event":"\n Normalização concluída.","logger":"root","filename":"transform_dados.py","lineno":64}
{"timestamp":"2026-08-30T21:05:00.115252Z","level":"info","event":"DataFrame assuntos criado com 1 registro(s)","logger":"root","filename":"transform_dados.py","lineno":150}
{"timestamp":"2026-08-30T21:05:00.119351Z","level":"info","event":"DataFrame movimentos criado com 19 registro(s)","logger":"root","filename":"transform_dados.py","lineno":121}
{"timestamp":"2026-08-30T21:05:00.120493Z","level":"info","event":"\n Colunas renomeadas: {'_source.id': 'processos_id', '_source.tribunal': 'processos_tribunal', '_source.grau': 'processos_grau', '_source.numeroProcesso': 'processos_numero_processo', '_source.dataAjuizamento': 'processos_data_ajuizamento', '_source.nivelSigilo': 'processos_nivel_sigilo', '_source.orgaoJulgador.codigo': 'processos_orgao_julgador_codigo', '_source.orgaoJulgador.nome': 'processos_orgao_julgador_nome', '_source.orgaoJulgador.codigoMunicipioIBGE': 'processos_orgao_julgador_codigo_municipio_ibge', '_source.classe.codigo': 'processos_classe_codigo', '_source.classe.nome': 'processos_classe_nome', '_source.sistema.codigo': 'processos_sistema_codigo', '_source.sistema.nome': 'processos_sistema_nome', '_source.formato.codigo': 'processos_formato_codigo', '_source.formato.nome': 'processos_formato_nome', '_source.dataHoraUltimaAtualizacao': 'processos_data_hora_ultima_atualizacao'}","logger":"root","filename":"transform_dados.py","lineno":77}
{"timestamp":"2026-08-30T21:05:00.122759Z","level":"info","event":"\n Colunas de data/hora normalizadas: ['processos_data_ajuizamento', 'processos_data_hora_ultima_atualizacao']","logger":"root","filename":"transform_dados.py","lineno":87}
{"timestamp":"2026-08-30T21:05:00.122886Z","level":"info","event":"\n Transformações concluídas","logger":"root","filename":"transform_dados.py","lineno":175}
{"timestamp":"2026-08-30T21:05:00.158996Z","level":"info","event":"Processos: 1 registro(s)","logger":"root","filename":"datajud_dag.py","lineno":58}
{"timestamp":"2026-08-30T21:05:00.159141Z","level":"info","event":"Assuntos: 1 registro(s)","logger":"root","filename":"datajud_dag.py","lineno":62}
{"timestamp":"2026-08-30T21:05:00.159205Z","level":"info","event":"Movimentos: 19 registro(s)","logger":"root","filename":"datajud_dag.py","lineno":66}
{"timestamp":"2026-08-30T21:05:00.159336Z","level":"info","event":"Done. Returned value was: None","logger":"airflow.task.operators.airflow.providers.standard.decorators.python._PythonDecoratedOperator","filename":"python.py","lineno":230}
{"timestamp":"2026-08-30T21:05:00.262434Z","level":"info","event":"Task instance in success state","logger":"task.stdout"}
{"timestamp":"2026-08-30T21:05:00.262566Z","level":"info","event":" Previous state of the Task instance: TaskInstanceState.RUNNING","logger":"task.stdout"}
{"timestamp":"2026-08-30T21:05:00.262758Z","level":"info","event":"Task operator:<Task(_PythonDecoratedOperator): transform_data_task>","logger":"task.stdout"}
