{"timestamp":"2026-08-30T04:40:00.797594Z","level":"info","event":"DAG bundles loaded: dags-folder, example_dags","logger":"airflow.dag_processing.bundles.manager.DagBundlesManager","filename":"manager.py","lineno":179}
{"timestamp":"2026-08-30T04:40:00.798254Z","level":"info","event":"Filling up the DagBag from /opt/airflow/dags/datajud_dag.py","logger":"airflow.models.dagbag.BundleDagBag","filename":"dagbag.py","lineno":593}
{"timestamp":"2026-08-30T04:40:00.840052Z","level":"info","event":"Task instance is in running state","logger":"task.stdout"}
{"timestamp":"2026-08-30T04:40:00.840263Z","level":"info","event":" Previous state of the Task instance: TaskInstanceState.QUEUED","logger":"task.stdout"}
{"timestamp":"2026-08-30T04:40:00.840423Z","level":"info","event":"Current task name:load_data_task","logger":"task.stdout"}
{"timestamp":"2026-08-30T04:40:00.840509Z","level":"info","event":"Dag name:datajud_dag","logger":"task.stdout"}
{"timestamp":"2026-08-30T04:40:00.943583Z","level":"error","event":"Task failed with exception","logger":"task","filename":"task_runner.py","lineno":1142,"error_detail":[{"exc_type":"IntegrityError","exc_value":"(psycopg2.errors.UniqueViolation) duplicate key value violates unique constraint \"pg_type_typname_nsp_index\"\nDETAIL:  Key (typname, typnamespace)=(processos, 16389) already exists.\n\n[SQL: \nCREATE TABLE datajud.processos (\n\tprocessos_id TEXT, \n\tprocessostribunal TEXT, \n\tprocessos_grau TEXT, \n\tprocessos_numero_processo TEXT, \n\tprocessos_data_ajuizamento TIMESTAMP WITHOUT TIME ZONE, \n\tprocessos_nivel_sigilo BIGINT, \n\tprocessos_orgao_julgador_codigo BIGINT, \n\tprocessos_orgao_julgador_nome TEXT, \n\tprocessos_orgao_julgador_codigo_municipio_ibge BIGINT, \n\tprocessos_classe_codigo BIGINT, \n\tprocessos_classe_nome TEXT, \n\tprocessos_sistema_codigo BIGINT, \n\tprocessos_sistema_nome TEXT, \n\tprocessos_formato_codigo BIGINT, \n\tprocessos_formato_nome TEXT, \n\tprocessos_data_hora_ultima_atualizacao TIMESTAMP WITHOUT TIME ZONE\n)\n\n]\n(Background on this error at: https://sqlalche.me/e/20/gkpj)","exc_notes":[],"syntax_error":null,"is_cause":false,"frames":[{"filename":"/home/airflow/.local/lib/python3.12/site-packages/airflow/sdk/execution_time/task_runner.py","lineno":1068,"name":"run"},{"filename":"/home/airflow/.local/lib/python3.12/site-packages/airflow/sdk/execution_time/task_runner.py","lineno":1477,"name":"_execute_task"},{"filename":"/home/airflow/.local/lib/python3.12/site-packages/airflow/sdk/bases/operator.py","lineno":417,"name":"wrapper"},{"filename":"/home/airflow/.local/lib/python3.12/site-packages/airflow/sdk/bases/decorator.py","lineno":252,"name":"execute"},{"filename":"/home/airflow/.local/lib/python3.12/site-packages/airflow/sdk/bases/operator.py","lineno":417,"name":"wrapper"},{"filename":"/home/airflow/.local/lib/python3.12/site-packages/airflow/providers/standard/operators/python.py","lineno":228,"name":"execute"},{"filename":"/home/airflow/.local/lib/python3.12/site-packages/airflow/providers/standard/operators/python.py","lineno":251,"name":"execute_callable"},{"filename":"/home/airflow/.local/lib/python3.12/site-packages/airflow/sdk/execution_time/callback_runner.py","lineno":82,"name":"run"},{"filename":"/opt/airflow/dags/datajud_dag.py","lineno":44,"name":"load_data_task"},{"filename":"/opt/airflow/src/pipeline_datajud_bradesco/load_dados.py","lineno":35,"name":"load_data"},{"filename":"/home/airflow/.local/lib/python3.12/site-packages/pandas/util/_decorators.py","lineno":333,"name":"wrapper"},{"filename":"/home/airflow/.local/lib/python3.12/site-packages/pandas/core/generic.py","lineno":3109,"name":"to_sql"},{"filename":"/home/airflow/.local/lib/python3.12/site-packages/pandas/io/sql.py","lineno":844,"name":"to_sql"},{"filename":"/home/airflow/.local/lib/python3.12/site-packages/pandas/io/sql.py","lineno":2020,"name":"to_sql"},{"filename":"/home/airflow/.local/lib/python3.12/site-packages/pandas/io/sql.py","lineno":1924,"name":"prep_table"},{"filename":"/home/airflow/.local/lib/python3.12/site-packages/pandas/io/sql.py","lineno":997,"name":"create"},{"filename":"/home/airflow/.local/lib/python3.12/site-packages/pandas/io/sql.py","lineno":983,"name":"_execute_create"},{"filename":"/home/airflow/.local/lib/python3.12/site-packages/sqlalchemy/sql/schema.py","lineno":1288,"name":"create"},{"filename":"/home/airflow/.local/lib/python3.12/site-packages/sqlalchemy/engine/base.py","lineno":2467,"name":"_run_ddl_visitor"},{"filename":"/home/airflow/.local/lib/python3.12/site-packages/sqlalchemy/sql/visitors.py","lineno":661,"name":"traverse_single"},{"filename":"/home/airflow/.local/lib/python3.12/site-packages/sqlalchemy/sql/ddl.py","lineno":1022,"name":"visit_table"},{"filename":"/home/airflow/.local/lib/python3.12/site-packages/sqlalchemy/sql/ddl.py","lineno":321,"name":"_invoke_with"},{"filename":"/home/airflow/.local/lib/python3.12/site-packages/sqlalchemy/engine/base.py","lineno":1419,"name":"execute"},{"filename":"/home/airflow/.local/lib/python3.12/site-packages/sqlalchemy/sql/ddl.py","lineno":187,"name":"_execute_on_connection"},{"filename":"/home/airflow/.local/lib/python3.12/site-packages/sqlalchemy/engine/base.py","lineno":1530,"name":"_execute_ddl"},{"filename":"/home/airflow/.local/lib/python3.12/site-packages/sqlalchemy/engine/base.py","lineno":1846,"name":"_execute_context"},{"filename":"/home/airflow/.local/lib/python3.12/site-packages/sqlalchemy/engine/base.py","lineno":1986,"name":"_exec_single_context"},{"filename":"/home/airflow/.local/lib/python3.12/site-packages/sqlalchemy/engine/base.py","lineno":2363,"name":"_handle_dbapi_exception"},{"filename":"/home/airflow/.local/lib/python3.12/site-packages/sqlalchemy/engine/base.py","lineno":1967,"name":"_exec_single_context"},{"filename":"/home/airflow/.local/lib/python3.12/site-packages/sqlalchemy/engine/default.py","lineno":952,"name":"do_execute"}],"is_group":false,"exceptions":[]},{"exc_type":"UniqueViolation","exc_value":"duplicate key value violates unique constraint \"pg_type_typname_nsp_index\"\nDETAIL:  Key (typname, typnamespace)=(processos, 16389) already exists.\n","exc_notes":[],"syntax_error":null,"is_cause":true,"frames":[{"filename":"/home/airflow/.local/lib/python3.12/site-packages/sqlalchemy/engine/base.py","lineno":1967,"name":"_exec_single_context"},{"filename":"/home/airflow/.local/lib/python3.12/site-packages/sqlalchemy/engine/default.py","lineno":952,"name":"do_execute"}],"is_group":false,"exceptions":[]}]}
{"timestamp":"2026-08-30T04:40:00.971159Z","level":"info","event":"Task instance in failure state","logger":"task.stdout"}
{"timestamp":"2026-08-30T04:40:00.971423Z","level":"info","event":"Task start","logger":"task.stdout"}
{"timestamp":"2026-08-30T04:40:00.971595Z","level":"info","event":"Task:<Task(_PythonDecoratedOperator): load_data_task>","logger":"task.stdout"}
{"timestamp":"2026-08-30T04:40:00.971706Z","level":"info","event":"Failure caused by (psycopg2.errors.UniqueViolation) duplicate key value violates unique constraint \"pg_type_typname_nsp_index\"","logger":"task.stdout"}
{"timestamp":"2026-08-30T04:40:00.971810Z","level":"info","event":"DETAIL:  Key (typname, typnamespace)=(processos, 16389) already exists.","logger":"task.stdout"}
{"timestamp":"2026-08-30T04:40:00.971916Z","level":"info","event":"","logger":"task.stdout"}
{"timestamp":"2026-08-30T04:40:00.972027Z","level":"info","event":"[SQL:","logger":"task.stdout"}
{"timestamp":"2026-08-30T04:40:00.972131Z","level":"info","event":"CREATE TABLE datajud.processos (","logger":"task.stdout"}
{"timestamp":"2026-08-30T04:40:00.972234Z","level":"info","event":"\tprocessos_id TEXT,","logger":"task.stdout"}
{"timestamp":"2026-08-30T04:40:00.972338Z","level":"info","event":"\tprocessostribunal TEXT,","logger":"task.stdout"}
{"timestamp":"2026-08-30T04:40:00.972442Z","level":"info","event":"\tprocessos_grau TEXT,","logger":"task.stdout"}
{"timestamp":"2026-08-30T04:40:00.972550Z","level":"info","event":"\tprocessos_numero_processo TEXT,","logger":"task.stdout"}
{"timestamp":"2026-08-30T04:40:00.972654Z","level":"info","event":"\tprocessos_data_ajuizamento TIMESTAMP WITHOUT TIME ZONE,","logger":"task.stdout"}
{"timestamp":"2026-08-30T04:40:00.972843Z","level":"info","event":"\tprocessos_nivel_sigilo BIGINT,","logger":"task.stdout"}
{"timestamp":"2026-08-30T04:40:00.972963Z","level":"info","event":"\tprocessos_orgao_julgador_codigo BIGINT,","logger":"task.stdout"}
{"timestamp":"2026-08-30T04:40:00.973066Z","level":"info","event":"\tprocessos_orgao_julgador_nome TEXT,","logger":"task.stdout"}
{"timestamp":"2026-08-30T04:40:00.973164Z","level":"info","event":"\tprocessos_orgao_julgador_codigo_municipio_ibge BIGINT,","logger":"task.stdout"}
{"timestamp":"2026-08-30T04:40:00.973262Z","level":"info","event":"\tprocessos_classe_codigo BIGINT,","logger":"task.stdout"}
{"timestamp":"2026-08-30T04:40:00.973361Z","level":"info","event":"\tprocessos_classe_nome TEXT,","logger":"task.stdout"}
{"timestamp":"2026-08-30T04:40:00.973459Z","level":"info","event":"\tprocessos_sistema_codigo BIGINT,","logger":"task.stdout"}
{"timestamp":"2026-08-30T04:40:00.973557Z","level":"info","event":"\tprocessos_sistema_nome TEXT,","logger":"task.stdout"}
{"timestamp":"2026-08-30T04:40:00.973655Z","level":"info","event":"\tprocessos_formato_codigo BIGINT,","logger":"task.stdout"}
{"timestamp":"2026-08-30T04:40:00.973758Z","level":"info","event":"\tprocessos_formato_nome TEXT,","logger":"task.stdout"}
{"timestamp":"2026-08-30T04:40:00.973856Z","level":"info","event":"\tprocessos_data_hora_ultima_atualizacao TIMESTAMP WITHOUT TIME ZONE","logger":"task.stdout"}
{"timestamp":"2026-08-30T04:40:00.973955Z","level":"info","event":")","logger":"task.stdout"}
{"timestamp":"2026-08-30T04:40:00.974053Z","level":"info","event":"","logger":"task.stdout"}
{"timestamp":"2026-08-30T04:40:00.974150Z","level":"info","event":"]","logger":"task.stdout"}
{"timestamp":"2026-08-30T04:40:00.974245Z","level":"info","event":"(Background on this error at: https://sqlalche.me/e/20/gkpj)","logger":"task.stdout"}
