{"timestamp":"2026-08-30T23:00:30.839525Z","level":"info","event":"DAG bundles loaded: dags-folder, example_dags","logger":"airflow.dag_processing.bundles.manager.DagBundlesManager","filename":"manager.py","lineno":179}
{"timestamp":"2026-08-30T23:00:30.840302Z","level":"info","event":"Filling up the DagBag from /opt/airflow/dags/datajud_dag.py","logger":"airflow.models.dagbag.BundleDagBag","filename":"dagbag.py","lineno":593}
{"timestamp":"2026-08-30T23:00:30.893517Z","level":"info","event":"Task instance is in running state","logger":"task.stdout"}
{"timestamp":"2026-08-30T23:00:30.893670Z","level":"info","event":" Previous state of the Task instance: TaskInstanceState.QUEUED","logger":"task.stdout"}
{"timestamp":"2026-08-30T23:00:30.893818Z","level":"info","event":"Current task name:transform_data_task","logger":"task.stdout"}
{"timestamp":"2026-08-30T23:00:30.893895Z","level":"info","event":"Dag name:datajud_dag","logger":"task.stdout"}
{"timestamp":"2026-08-30T23:00:30.895284Z","level":"info","event":"\n Iniciando transformações","logger":"root","filename":"transform_dados.py","lineno":203}
{"timestamp":"2026-08-30T23:00:30.896892Z","level":"info","event":"\n DataFrame criado com sucesso 1 linha(s)","logger":"root","filename":"transform_dados.py","lineno":49}
{"timestamp":"2026-08-30T23:00:30.899222Z","level":"info","event":"","logger":"task.stdout"}
{"timestamp":"2026-08-30T23:00:30.899327Z","level":"info","event":"Colunas Normalizadas:","logger":"task.stdout"}
{"timestamp":"2026-08-30T23:00:30.899406Z","level":"info","event":"['took', 'timed_out', '_shards.total', '_shards.successful', '_shards.skipped', '_shards.failed', 'hits.total.value', 'hits.total.relation', 'hits.max_score', 'hits.hits', '_index', '_id', '_score', '_source.id', '_source.tribunal', '_source.grau', '_source.numeroProcesso', '_source.dataAjuizamento', '_source.nivelSigilo', '_source.orgaoJulgador.codigo', '_source.orgaoJulgador.nome', '_source.orgaoJulgador.codigoMunicipioIBGE', '_source.classe.codigo', '_source.classe.nome', '_source.sistema.codigo', '_source.sistema.nome', '_source.formato.codigo', '_source.formato.nome', '_source.dataHoraUltimaAtualizacao', '_source.@timestamp', '_source.movimentos', '_source.assuntos']","logger":"task.stdout"}
{"timestamp":"2026-08-30T23:00:30.899261Z","level":"info","event":"\n Normalização concluída.","logger":"root","filename":"transform_dados.py","lineno":63}
{"timestamp":"2026-08-30T23:00:30.899857Z","level":"info","event":"DataFrame assuntos criado com 1 registro(s)","logger":"root","filename":"transform_dados.py","lineno":194}
{"timestamp":"2026-08-30T23:00:30.904249Z","level":"info","event":"DataFrame movimentos criado com 19 registro(s)","logger":"root","filename":"transform_dados.py","lineno":120}
{"timestamp":"2026-08-30T23:00:30.904984Z","level":"info","event":"DataFrame movimentos_tabelados criado com 12 registro(s)","logger":"root","filename":"transform_dados.py","lineno":164}
{"timestamp":"2026-08-30T23:00:30.905897Z","level":"info","event":"\n Colunas renomeadas: {'_source.id': 'processos_id', '_source.tribunal': 'processos_tribunal', '_source.grau': 'processos_grau', '_source.numeroProcesso': 'processos_numero_processo', '_source.dataAjuizamento': 'processos_data_ajuizamento', '_source.nivelSigilo': 'processos_nivel_sigilo', '_source.orgaoJulgador.codigo': 'processos_orgao_julgador_codigo', '_source.orgaoJulgador.nome': 'processos_orgao_julgador_nome', '_source.orgaoJulgador.codigoMunicipioIBGE': 'processos_orgao_julgador_codigo_municipio_ibge', '_source.classe.codigo': 'processos_classe_codigo', '_source.classe.nome': 'processos_classe_nome', '_source.sistema.codigo': 'processos_sistema_codigo', '_source.sistema.nome': 'processos_sistema_nome', '_source.formato.codigo': 'processos_formato_codigo', '_source.formato.nome': 'processos_formato_nome', '_source.dataHoraUltimaAtualizacao': 'processos_data_hora_ultima_atualizacao'}","logger":"root","filename":"transform_dados.py","lineno":76}
{"timestamp":"2026-08-30T23:00:30.908173Z","level":"info","event":"\n Colunas de data/hora normalizadas: ['processos_data_ajuizamento', 'processos_data_hora_ultima_atualizacao']","logger":"root","filename":"transform_dados.py","lineno":86}
{"timestamp":"2026-08-30T23:00:30.908323Z","level":"info","event":"\n Transformações concluídas","logger":"root","filename":"transform_dados.py","lineno":220}
{"timestamp":"2026-08-30T23:00:30.927057Z","level":"info","event":"Processos: 1 registro(s)","logger":"root","filename":"datajud_dag.py","lineno":61}
{"timestamp":"2026-08-30T23:00:30.927215Z","level":"info","event":"Assuntos: 1 registro(s)","logger":"root","filename":"datajud_dag.py","lineno":63}
{"timestamp":"2026-08-30T23:00:30.927280Z","level":"info","event":"Movimentos: 19 registro(s)","logger":"root","filename":"datajud_dag.py","lineno":65}
{"timestamp":"2026-08-30T23:00:30.927333Z","level":"info","event":"Movimentos Tabelados: 12 registro(s)","logger":"root","filename":"datajud_dag.py","lineno":67}
{"timestamp":"2026-08-30T23:00:30.927538Z","level":"info","event":"Done. Returned value was: None","logger":"airflow.task.operators.airflow.providers.standard.decorators.python._PythonDecoratedOperator","filename":"python.py","lineno":230}
{"timestamp":"2026-08-30T23:00:30.941417Z","level":"info","event":"Task instance in success state","logger":"task.stdout"}
{"timestamp":"2026-08-30T23:00:30.941574Z","level":"info","event":" Previous state of the Task instance: TaskInstanceState.RUNNING","logger":"task.stdout"}
{"timestamp":"2026-08-30T23:00:30.941726Z","level":"info","event":"Task operator:<Task(_PythonDecoratedOperator): transform_data_task>","logger":"task.stdout"}
