{"timestamp":"2026-08-30T22:43:05.015692Z","level":"info","event":"DAG bundles loaded: dags-folder, example_dags","logger":"airflow.dag_processing.bundles.manager.DagBundlesManager","filename":"manager.py","lineno":179}
{"timestamp":"2026-08-30T22:43:05.016317Z","level":"info","event":"Filling up the DagBag from /opt/airflow/dags/datajud_dag.py","logger":"airflow.models.dagbag.BundleDagBag","filename":"dagbag.py","lineno":593}
{"timestamp":"2026-08-30T22:43:05.060972Z","level":"info","event":"Task instance is in running state","logger":"task.stdout"}
{"timestamp":"2026-08-30T22:43:05.061195Z","level":"info","event":" Previous state of the Task instance: TaskInstanceState.QUEUED","logger":"task.stdout"}
{"timestamp":"2026-08-30T22:43:05.061282Z","level":"info","event":"Current task name:transform_data_task","logger":"task.stdout"}
{"timestamp":"2026-08-30T22:43:05.061333Z","level":"info","event":"Dag name:datajud_dag","logger":"task.stdout"}
{"timestamp":"2026-08-30T22:43:05.063385Z","level":"info","event":"\n Iniciando transformações","logger":"root","filename":"transform_dados.py","lineno":203}
{"timestamp":"2026-08-30T22:43:05.065390Z","level":"info","event":"\n DataFrame criado com sucesso 1 linha(s)","logger":"root","filename":"transform_dados.py","lineno":49}
{"timestamp":"2026-08-30T22:43:05.069244Z","level":"info","event":"","logger":"task.stdout"}
{"timestamp":"2026-08-30T22:43:05.069407Z","level":"info","event":"Colunas Normalizadas:","logger":"task.stdout"}
{"timestamp":"2026-08-30T22:43:05.069526Z","level":"info","event":"['took', 'timed_out', '_shards.total', '_shards.successful', '_shards.skipped', '_shards.failed', 'hits.total.value', 'hits.total.relation', 'hits.max_score', 'hits.hits', '_index', '_id', '_score', '_source.id', '_source.tribunal', '_source.grau', '_source.numeroProcesso', '_source.dataAjuizamento', '_source.nivelSigilo', '_source.orgaoJulgador.codigo', '_source.orgaoJulgador.nome', '_source.orgaoJulgador.codigoMunicipioIBGE', '_source.classe.codigo', '_source.classe.nome', '_source.sistema.codigo', '_source.sistema.nome', '_source.formato.codigo', '_source.formato.nome', '_source.dataHoraUltimaAtualizacao', '_source.@timestamp', '_source.movimentos', '_source.assuntos']","logger":"task.stdout"}
{"timestamp":"2026-08-30T22:43:05.069288Z","level":"info","event":"\n Normalização concluída.","logger":"root","filename":"transform_dados.py","lineno":63}
{"timestamp":"2026-08-30T22:43:05.070354Z","level":"info","event":"DataFrame assuntos criado com 1 registro(s)","logger":"root","filename":"transform_dados.py","lineno":194}
{"timestamp":"2026-08-30T22:43:05.077201Z","level":"info","event":"DataFrame movimentos criado com 19 registro(s)","logger":"root","filename":"transform_dados.py","lineno":120}
{"timestamp":"2026-08-30T22:43:05.078228Z","level":"info","event":"DataFrame movimentos_tabelados criado com 12 registro(s)","logger":"root","filename":"transform_dados.py","lineno":164}
{"timestamp":"2026-08-30T22:43:05.079937Z","level":"info","event":"\n Colunas renomeadas: {'_source.id': 'processos_id', '_source.tribunal': 'processos_tribunal', '_source.grau': 'processos_grau', '_source.numeroProcesso': 'processos_numero_processo', '_source.dataAjuizamento': 'processos_data_ajuizamento', '_source.nivelSigilo': 'processos_nivel_sigilo', '_source.orgaoJulgador.codigo': 'processos_orgao_julgador_codigo', '_source.orgaoJulgador.nome': 'processos_orgao_julgador_nome', '_source.orgaoJulgador.codigoMunicipioIBGE': 'processos_orgao_julgador_codigo_municipio_ibge', '_source.classe.codigo': 'processos_classe_codigo', '_source.classe.nome': 'processos_classe_nome', '_source.sistema.codigo': 'processos_sistema_codigo', '_source.sistema.nome': 'processos_sistema_nome', '_source.formato.codigo': 'processos_formato_codigo', '_source.formato.nome': 'processos_formato_nome', '_source.dataHoraUltimaAtualizacao': 'processos_data_hora_ultima_atualizacao'}","logger":"root","filename":"transform_dados.py","lineno":76}
{"timestamp":"2026-08-30T22:43:05.083617Z","level":"info","event":"\n Colunas de data/hora normalizadas: ['processos_data_ajuizamento', 'processos_data_hora_ultima_atualizacao']","logger":"root","filename":"transform_dados.py","lineno":86}
{"timestamp":"2026-08-30T22:43:05.083798Z","level":"info","event":"\n Transformações concluídas","logger":"root","filename":"transform_dados.py","lineno":220}
{"timestamp":"2026-08-30T22:43:05.084181Z","level":"error","event":"Task failed with exception","logger":"task","filename":"task_runner.py","lineno":1142,"error_detail":[{"exc_type":"ValueError","exc_value":"too many values to unpack (expected 3)","exc_notes":[],"syntax_error":null,"is_cause":false,"frames":[{"filename":"/home/airflow/.local/lib/python3.12/site-packages/airflow/sdk/execution_time/task_runner.py","lineno":1068,"name":"run"},{"filename":"/home/airflow/.local/lib/python3.12/site-packages/airflow/sdk/execution_time/task_runner.py","lineno":1477,"name":"_execute_task"},{"filename":"/home/airflow/.local/lib/python3.12/site-packages/airflow/sdk/bases/operator.py","lineno":417,"name":"wrapper"},{"filename":"/home/airflow/.local/lib/python3.12/site-packages/airflow/sdk/bases/decorator.py","lineno":252,"name":"execute"},{"filename":"/home/airflow/.local/lib/python3.12/site-packages/airflow/sdk/bases/operator.py","lineno":417,"name":"wrapper"},{"filename":"/home/airflow/.local/lib/python3.12/site-packages/airflow/providers/standard/operators/python.py","lineno":228,"name":"execute"},{"filename":"/home/airflow/.local/lib/python3.12/site-packages/airflow/providers/standard/operators/python.py","lineno":251,"name":"execute_callable"},{"filename":"/home/airflow/.local/lib/python3.12/site-packages/airflow/sdk/execution_time/callback_runner.py","lineno":82,"name":"run"},{"filename":"/opt/airflow/dags/datajud_dag.py","lineno":39,"name":"transform_data_task"}],"is_group":false,"exceptions":[]}]}
{"timestamp":"2026-08-30T22:43:05.105297Z","level":"info","event":"Task instance in failure state","logger":"task.stdout"}
{"timestamp":"2026-08-30T22:43:05.105597Z","level":"info","event":"Task start","logger":"task.stdout"}
{"timestamp":"2026-08-30T22:43:05.105724Z","level":"info","event":"Task:<Task(_PythonDecoratedOperator): transform_data_task>","logger":"task.stdout"}
{"timestamp":"2026-08-30T22:43:05.105805Z","level":"info","event":"Failure caused by too many values to unpack (expected 3)","logger":"task.stdout"}
